Archive member included to satisfy reference by file (symbol)

../qtouch/lib/gcc\libqtm_touch_key_t1616_0x0002.a(avr_touch_key_g_t1616.o)
                              qtouch/touch.o (qtm_update_qtlib_timer)
../qtouch/lib/gcc\libqtm_acq_runtime_t1616_0x0018.a(avr_acq_g_t1616.o)
                              qtouch/touch.o (qtm_acquisition_process)
c:/program files (x86)/atmel/studio/7.0/toolchain/avr8/avr8-gnu-toolchain/bin/../lib/gcc/avr/5.4.0/avrxmega3\libgcc.a(_divmodhi4.o)
                              main.o (__divmodhi4)
c:/program files (x86)/atmel/studio/7.0/toolchain/avr8/avr8-gnu-toolchain/bin/../lib/gcc/avr/5.4.0/avrxmega3\libgcc.a(_exit.o)
                              C:/Program Files (x86)/Atmel/Studio/7.0/Packs/atmel/ATtiny_DFP/1.3.147/gcc/dev/attiny1616/avrxmega3/crtattiny1616.o (exit)
c:/program files (x86)/atmel/studio/7.0/toolchain/avr8/avr8-gnu-toolchain/bin/../lib/gcc/avr/5.4.0/avrxmega3\libgcc.a(_copy_data.o)
                              qtouch/touch.o (__do_copy_data)
c:/program files (x86)/atmel/studio/7.0/toolchain/avr8/avr8-gnu-toolchain/bin/../lib/gcc/avr/5.4.0/avrxmega3\libgcc.a(_clear_bss.o)
                              driver_isr.o (__do_clear_bss)
c:/program files (x86)/atmel/studio/7.0/toolchain/avr8/avr8-gnu-toolchain/bin/../lib/gcc/avr/5.4.0/avrxmega3\libgcc.a(_udivmodhi4.o)
                              c:/program files (x86)/atmel/studio/7.0/toolchain/avr8/avr8-gnu-toolchain/bin/../lib/gcc/avr/5.4.0/avrxmega3\libgcc.a(_divmodhi4.o) (__udivmodhi4)
c:/program files (x86)/atmel/studio/7.0/toolchain/avr8/avr8-gnu-toolchain/bin/../lib/gcc/avr/5.4.0/../../../../avr/lib/avrxmega3\libc.a(rand.o)
                              main.o (rand)
c:/program files (x86)/atmel/studio/7.0/toolchain/avr8/avr8-gnu-toolchain/bin/../lib/gcc/avr/5.4.0/avrxmega3\libgcc.a(_divmodsi4.o)
                              c:/program files (x86)/atmel/studio/7.0/toolchain/avr8/avr8-gnu-toolchain/bin/../lib/gcc/avr/5.4.0/../../../../avr/lib/avrxmega3\libc.a(rand.o) (__divmodsi4)
c:/program files (x86)/atmel/studio/7.0/toolchain/avr8/avr8-gnu-toolchain/bin/../lib/gcc/avr/5.4.0/avrxmega3\libgcc.a(_negsi2.o)
                              c:/program files (x86)/atmel/studio/7.0/toolchain/avr8/avr8-gnu-toolchain/bin/../lib/gcc/avr/5.4.0/avrxmega3\libgcc.a(_divmodsi4.o) (__negsi2)
c:/program files (x86)/atmel/studio/7.0/toolchain/avr8/avr8-gnu-toolchain/bin/../lib/gcc/avr/5.4.0/avrxmega3\libgcc.a(_muluhisi3.o)
                              c:/program files (x86)/atmel/studio/7.0/toolchain/avr8/avr8-gnu-toolchain/bin/../lib/gcc/avr/5.4.0/../../../../avr/lib/avrxmega3\libc.a(rand.o) (__muluhisi3)
c:/program files (x86)/atmel/studio/7.0/toolchain/avr8/avr8-gnu-toolchain/bin/../lib/gcc/avr/5.4.0/avrxmega3\libgcc.a(_mulshisi3.o)
                              c:/program files (x86)/atmel/studio/7.0/toolchain/avr8/avr8-gnu-toolchain/bin/../lib/gcc/avr/5.4.0/../../../../avr/lib/avrxmega3\libc.a(rand.o) (__mulohisi3)
c:/program files (x86)/atmel/studio/7.0/toolchain/avr8/avr8-gnu-toolchain/bin/../lib/gcc/avr/5.4.0/avrxmega3\libgcc.a(_udivmodsi4.o)
                              c:/program files (x86)/atmel/studio/7.0/toolchain/avr8/avr8-gnu-toolchain/bin/../lib/gcc/avr/5.4.0/avrxmega3\libgcc.a(_divmodsi4.o) (__udivmodsi4)
c:/program files (x86)/atmel/studio/7.0/toolchain/avr8/avr8-gnu-toolchain/bin/../lib/gcc/avr/5.4.0/avrxmega3\libgcc.a(_umulhisi3.o)
                              c:/program files (x86)/atmel/studio/7.0/toolchain/avr8/avr8-gnu-toolchain/bin/../lib/gcc/avr/5.4.0/avrxmega3\libgcc.a(_muluhisi3.o) (__umulhisi3)

Allocating common symbols
Common symbol       size              file

I2C_0_stop_interrupt_handler
                    0x2               src/i2c_slave.o
qtlib_key_grp_data_set1
                    0x6               qtouch/touch.o
I2C_0_register_address
                    0x1               i2c_slave.o
I2C_0_write_interrupt_handler
                    0x2               src/i2c_slave.o
qtm_acquisition_control_working_set_ptr
                    0x2               ../qtouch/lib/gcc\libqtm_acq_runtime_t1616_0x0018.a(avr_acq_g_t1616.o)
I2C_0_read_interrupt_handler
                    0x2               src/i2c_slave.o
interrupt_cnt       0x1               qtouch/touch.o
ptc_qtlib_node_stat1
                    0x5               qtouch/touch.o
touch_acq_signals_raw
                    0x2               qtouch/touch.o
I2C_0_address_interrupt_handler
                    0x2               src/i2c_slave.o
I2C_0_bus_error_interrupt_handler
                    0x2               src/i2c_slave.o
qtlib_key_data_set1
                    0x6               qtouch/touch.o
I2C_0_slave_address
                    0x1               i2c_slave.o
qtm_raw_data_measurements_ptr
                    0x2               ../qtouch/lib/gcc\libqtm_acq_runtime_t1616_0x0018.a(avr_acq_g_t1616.o)
I2C_0_collision_interrupt_handler
                    0x2               src/i2c_slave.o

Discarded input sections

 .data          0x00000000        0x0 C:/Program Files (x86)/Atmel/Studio/7.0/Packs/atmel/ATtiny_DFP/1.3.147/gcc/dev/attiny1616/avrxmega3/crtattiny1616.o
 .bss           0x00000000        0x0 C:/Program Files (x86)/Atmel/Studio/7.0/Packs/atmel/ATtiny_DFP/1.3.147/gcc/dev/attiny1616/avrxmega3/crtattiny1616.o
 .text          0x00000000        0x0 atmel_start.o
 .data          0x00000000        0x0 atmel_start.o
 .bss           0x00000000        0x0 atmel_start.o
 .text.atmel_start_init
                0x00000000        0xa atmel_start.o
 .debug_info    0x00000000       0xb0 atmel_start.o
 .debug_abbrev  0x00000000       0x63 atmel_start.o
 .debug_aranges
                0x00000000       0x20 atmel_start.o
 .debug_ranges  0x00000000       0x10 atmel_start.o
 .debug_line    0x00000000       0x8b atmel_start.o
 .debug_str     0x00000000      0x1cc atmel_start.o
 .comment       0x00000000       0x31 atmel_start.o
 .debug_frame   0x00000000       0x24 atmel_start.o
 .text          0x00000000        0x0 driver_isr.o
 .data          0x00000000        0x0 driver_isr.o
 .bss           0x00000000        0x0 driver_isr.o
 .bss.timeTicks
                0x00000000        0x2 driver_isr.o
 .text          0x00000000        0x0 i2c_slave.o
 .data          0x00000000        0x0 i2c_slave.o
 .bss           0x00000000        0x0 i2c_slave.o
 .text.I2C_0_stop_handler
                0x00000000        0x2 i2c_slave.o
 .text.I2C_0_error_handler
                0x00000000        0x2 i2c_slave.o
 .text.I2C_0_address_handler
                0x00000000        0xe i2c_slave.o
 .text.I2C_0_write_handler
                0x00000000        0xe i2c_slave.o
 .text.I2C_0_read_handler
                0x00000000        0xc i2c_slave.o
 .text.I2C_0_slave_init
                0x00000000       0x36 i2c_slave.o
 .debug_info    0x00000000      0x2a4 i2c_slave.o
 .debug_abbrev  0x00000000       0xcf i2c_slave.o
 .debug_aranges
                0x00000000       0x48 i2c_slave.o
 .debug_ranges  0x00000000       0x38 i2c_slave.o
 .debug_line    0x00000000      0x158 i2c_slave.o
 .debug_str     0x00000000      0x319 i2c_slave.o
 .comment       0x00000000       0x31 i2c_slave.o
 .debug_frame   0x00000000       0x74 i2c_slave.o
 COMMON         0x00000000        0x2 i2c_slave.o
 .text          0x00000000        0x0 main.o
 .data          0x00000000        0x0 main.o
 .bss           0x00000000        0x0 main.o
 .text          0x00000000        0x0 qtouch/touch.o
 .data          0x00000000        0x0 qtouch/touch.o
 .bss           0x00000000        0x0 qtouch/touch.o
 .text.get_sensor_node_signal
                0x00000000       0x1a qtouch/touch.o
 .text.update_sensor_node_signal
                0x00000000       0x1a qtouch/touch.o
 .text.get_sensor_node_reference
                0x00000000       0x1a qtouch/touch.o
 .text.update_sensor_node_reference
                0x00000000       0x1a qtouch/touch.o
 .text.get_sensor_cc_val
                0x00000000       0x1a qtouch/touch.o
 .text.update_sensor_cc_val
                0x00000000       0x1a qtouch/touch.o
 .text.update_sensor_state
                0x00000000       0x1e qtouch/touch.o
 .text.calibrate_node
                0x00000000       0x32 qtouch/touch.o
 .text          0x00000000        0x0 src/bod.o
 .data          0x00000000        0x0 src/bod.o
 .bss           0x00000000        0x0 src/bod.o
 .text          0x00000000        0x0 src/clkctrl.o
 .data          0x00000000        0x0 src/clkctrl.o
 .bss           0x00000000        0x0 src/clkctrl.o
 .text          0x00000000        0x0 src/cpuint.o
 .data          0x00000000        0x0 src/cpuint.o
 .bss           0x00000000        0x0 src/cpuint.o
 .text          0x00000000        0x0 src/driver_init.o
 .data          0x00000000        0x0 src/driver_init.o
 .bss           0x00000000        0x0 src/driver_init.o
 .text.TIMER_0_initialization
                0x00000000        0x6 src/driver_init.o
 .text          0x00000000        0x0 src/i2c_slave.o
 .data          0x00000000        0x0 src/i2c_slave.o
 .bss           0x00000000        0x0 src/i2c_slave.o
 .text.I2C_0_open
                0x00000000        0xc src/i2c_slave.o
 .text.I2C_0_close
                0x00000000        0xc src/i2c_slave.o
 .text.I2C_0_read
                0x00000000        0x6 src/i2c_slave.o
 .text.I2C_0_write
                0x00000000        0xe src/i2c_slave.o
 .text.I2C_0_enable
                0x00000000        0xc src/i2c_slave.o
 .text.I2C_0_send_ack
                0x00000000        0x8 src/i2c_slave.o
 .text.I2C_0_send_nack
                0x00000000        0x8 src/i2c_slave.o
 .text.I2C_0_set_read_callback
                0x00000000        0xa src/i2c_slave.o
 .text.I2C_0_set_write_callback
                0x00000000        0xa src/i2c_slave.o
 .text.I2C_0_set_address_callback
                0x00000000        0xa src/i2c_slave.o
 .text.I2C_0_set_stop_callback
                0x00000000        0xa src/i2c_slave.o
 .text.I2C_0_set_collision_callback
                0x00000000        0xa src/i2c_slave.o
 .text.I2C_0_set_bus_error_callback
                0x00000000        0xa src/i2c_slave.o
 .text          0x00000000        0x0 src/protected_io.o
 .data          0x00000000        0x0 src/protected_io.o
 .bss           0x00000000        0x0 src/protected_io.o
 .text          0x00000000        0x0 src/rtc.o
 .data          0x00000000        0x0 src/rtc.o
 .bss           0x00000000        0x0 src/rtc.o
 .text          0x00000000        0x0 src/slpctrl.o
 .data          0x00000000        0x0 src/slpctrl.o
 .bss           0x00000000        0x0 src/slpctrl.o
 .text          0x00000000        0x0 src/tca.o
 .data          0x00000000        0x0 src/tca.o
 .bss           0x00000000        0x0 src/tca.o
 .text          0x00000000        0x0 ../qtouch/lib/gcc\libqtm_touch_key_t1616_0x0002.a(avr_touch_key_g_t1616.o)
 .data          0x00000000        0x0 ../qtouch/lib/gcc\libqtm_touch_key_t1616_0x0002.a(avr_touch_key_g_t1616.o)
 .bss           0x00000000        0x0 ../qtouch/lib/gcc\libqtm_touch_key_t1616_0x0002.a(avr_touch_key_g_t1616.o)
 .text.qtm_key_suspend
                0x00000000       0x4e ../qtouch/lib/gcc\libqtm_touch_key_t1616_0x0002.a(avr_touch_key_g_t1616.o)
 .text.qtm_key_resume
                0x00000000       0x4e ../qtouch/lib/gcc\libqtm_touch_key_t1616_0x0002.a(avr_touch_key_g_t1616.o)
 .text.qtm_get_touch_keys_module_id
                0x00000000        0x6 ../qtouch/lib/gcc\libqtm_touch_key_t1616_0x0002.a(avr_touch_key_g_t1616.o)
 .text.qtm_get_touch_keys_module_ver
                0x00000000        0x4 ../qtouch/lib/gcc\libqtm_touch_key_t1616_0x0002.a(avr_touch_key_g_t1616.o)
 .text          0x00000000        0x0 ../qtouch/lib/gcc\libqtm_acq_runtime_t1616_0x0018.a(avr_acq_g_t1616.o)
 .data          0x00000000        0x0 ../qtouch/lib/gcc\libqtm_acq_runtime_t1616_0x0018.a(avr_acq_g_t1616.o)
 .bss           0x00000000        0x0 ../qtouch/lib/gcc\libqtm_acq_runtime_t1616_0x0018.a(avr_acq_g_t1616.o)
 .text.qtm_autoscan_sensor_node
                0x00000000      0x278 ../qtouch/lib/gcc\libqtm_acq_runtime_t1616_0x0018.a(avr_acq_g_t1616.o)
 .text.qtm_autoscan_node_cancel
                0x00000000       0x22 ../qtouch/lib/gcc\libqtm_acq_runtime_t1616_0x0018.a(avr_acq_g_t1616.o)
 .text.qtm_t161x_ptc_handler_wcomp
                0x00000000       0x8c ../qtouch/lib/gcc\libqtm_acq_runtime_t1616_0x0018.a(avr_acq_g_t1616.o)
 .text.qtm_ptc_de_init
                0x00000000        0xa ../qtouch/lib/gcc\libqtm_acq_runtime_t1616_0x0018.a(avr_acq_g_t1616.o)
 .text.qtm_t161x_acq_module_get_id
                0x00000000        0x6 ../qtouch/lib/gcc\libqtm_acq_runtime_t1616_0x0018.a(avr_acq_g_t1616.o)
 .text.qtm_t161x_acq_module_get_version
                0x00000000        0x4 ../qtouch/lib/gcc\libqtm_acq_runtime_t1616_0x0018.a(avr_acq_g_t1616.o)
 .bss.ptc_wcomp_happened_pointer
                0x00000000        0x2 ../qtouch/lib/gcc\libqtm_acq_runtime_t1616_0x0018.a(avr_acq_g_t1616.o)
 .text          0x00000000        0x0 c:/program files (x86)/atmel/studio/7.0/toolchain/avr8/avr8-gnu-toolchain/bin/../lib/gcc/avr/5.4.0/avrxmega3\libgcc.a(_divmodhi4.o)
 .data          0x00000000        0x0 c:/program files (x86)/atmel/studio/7.0/toolchain/avr8/avr8-gnu-toolchain/bin/../lib/gcc/avr/5.4.0/avrxmega3\libgcc.a(_divmodhi4.o)
 .bss           0x00000000        0x0 c:/program files (x86)/atmel/studio/7.0/toolchain/avr8/avr8-gnu-toolchain/bin/../lib/gcc/avr/5.4.0/avrxmega3\libgcc.a(_divmodhi4.o)
 .text.libgcc.mul
                0x00000000        0x0 c:/program files (x86)/atmel/studio/7.0/toolchain/avr8/avr8-gnu-toolchain/bin/../lib/gcc/avr/5.4.0/avrxmega3\libgcc.a(_divmodhi4.o)
 .text.libgcc   0x00000000        0x0 c:/program files (x86)/atmel/studio/7.0/toolchain/avr8/avr8-gnu-toolchain/bin/../lib/gcc/avr/5.4.0/avrxmega3\libgcc.a(_divmodhi4.o)
 .text.libgcc.prologue
                0x00000000        0x0 c:/program files (x86)/atmel/studio/7.0/toolchain/avr8/avr8-gnu-toolchain/bin/../lib/gcc/avr/5.4.0/avrxmega3\libgcc.a(_divmodhi4.o)
 .text.libgcc.builtins
                0x00000000        0x0 c:/program files (x86)/atmel/studio/7.0/toolchain/avr8/avr8-gnu-toolchain/bin/../lib/gcc/avr/5.4.0/avrxmega3\libgcc.a(_divmodhi4.o)
 .text.libgcc.fmul
                0x00000000        0x0 c:/program files (x86)/atmel/studio/7.0/toolchain/avr8/avr8-gnu-toolchain/bin/../lib/gcc/avr/5.4.0/avrxmega3\libgcc.a(_divmodhi4.o)
 .text.libgcc.fixed
                0x00000000        0x0 c:/program files (x86)/atmel/studio/7.0/toolchain/avr8/avr8-gnu-toolchain/bin/../lib/gcc/avr/5.4.0/avrxmega3\libgcc.a(_divmodhi4.o)
 .text          0x00000000        0x0 c:/program files (x86)/atmel/studio/7.0/toolchain/avr8/avr8-gnu-toolchain/bin/../lib/gcc/avr/5.4.0/avrxmega3\libgcc.a(_exit.o)
 .data          0x00000000        0x0 c:/program files (x86)/atmel/studio/7.0/toolchain/avr8/avr8-gnu-toolchain/bin/../lib/gcc/avr/5.4.0/avrxmega3\libgcc.a(_exit.o)
 .bss           0x00000000        0x0 c:/program files (x86)/atmel/studio/7.0/toolchain/avr8/avr8-gnu-toolchain/bin/../lib/gcc/avr/5.4.0/avrxmega3\libgcc.a(_exit.o)
 .text.libgcc.mul
                0x00000000        0x0 c:/program files (x86)/atmel/studio/7.0/toolchain/avr8/avr8-gnu-toolchain/bin/../lib/gcc/avr/5.4.0/avrxmega3\libgcc.a(_exit.o)
 .text.libgcc.div
                0x00000000        0x0 c:/program files (x86)/atmel/studio/7.0/toolchain/avr8/avr8-gnu-toolchain/bin/../lib/gcc/avr/5.4.0/avrxmega3\libgcc.a(_exit.o)
 .text.libgcc   0x00000000        0x0 c:/program files (x86)/atmel/studio/7.0/toolchain/avr8/avr8-gnu-toolchain/bin/../lib/gcc/avr/5.4.0/avrxmega3\libgcc.a(_exit.o)
 .text.libgcc.prologue
                0x00000000        0x0 c:/program files (x86)/atmel/studio/7.0/toolchain/avr8/avr8-gnu-toolchain/bin/../lib/gcc/avr/5.4.0/avrxmega3\libgcc.a(_exit.o)
 .text.libgcc.builtins
                0x00000000        0x0 c:/program files (x86)/atmel/studio/7.0/toolchain/avr8/avr8-gnu-toolchain/bin/../lib/gcc/avr/5.4.0/avrxmega3\libgcc.a(_exit.o)
 .text.libgcc.fmul
                0x00000000        0x0 c:/program files (x86)/atmel/studio/7.0/toolchain/avr8/avr8-gnu-toolchain/bin/../lib/gcc/avr/5.4.0/avrxmega3\libgcc.a(_exit.o)
 .text.libgcc.fixed
                0x00000000        0x0 c:/program files (x86)/atmel/studio/7.0/toolchain/avr8/avr8-gnu-toolchain/bin/../lib/gcc/avr/5.4.0/avrxmega3\libgcc.a(_exit.o)
 .text          0x00000000        0x0 c:/program files (x86)/atmel/studio/7.0/toolchain/avr8/avr8-gnu-toolchain/bin/../lib/gcc/avr/5.4.0/avrxmega3\libgcc.a(_copy_data.o)
 .data          0x00000000        0x0 c:/program files (x86)/atmel/studio/7.0/toolchain/avr8/avr8-gnu-toolchain/bin/../lib/gcc/avr/5.4.0/avrxmega3\libgcc.a(_copy_data.o)
 .bss           0x00000000        0x0 c:/program files (x86)/atmel/studio/7.0/toolchain/avr8/avr8-gnu-toolchain/bin/../lib/gcc/avr/5.4.0/avrxmega3\libgcc.a(_copy_data.o)
 .text.libgcc.mul
                0x00000000        0x0 c:/program files (x86)/atmel/studio/7.0/toolchain/avr8/avr8-gnu-toolchain/bin/../lib/gcc/avr/5.4.0/avrxmega3\libgcc.a(_copy_data.o)
 .text.libgcc.div
                0x00000000        0x0 c:/program files (x86)/atmel/studio/7.0/toolchain/avr8/avr8-gnu-toolchain/bin/../lib/gcc/avr/5.4.0/avrxmega3\libgcc.a(_copy_data.o)
 .text.libgcc   0x00000000        0x0 c:/program files (x86)/atmel/studio/7.0/toolchain/avr8/avr8-gnu-toolchain/bin/../lib/gcc/avr/5.4.0/avrxmega3\libgcc.a(_copy_data.o)
 .text.libgcc.prologue
                0x00000000        0x0 c:/program files (x86)/atmel/studio/7.0/toolchain/avr8/avr8-gnu-toolchain/bin/../lib/gcc/avr/5.4.0/avrxmega3\libgcc.a(_copy_data.o)
 .text.libgcc.builtins
                0x00000000        0x0 c:/program files (x86)/atmel/studio/7.0/toolchain/avr8/avr8-gnu-toolchain/bin/../lib/gcc/avr/5.4.0/avrxmega3\libgcc.a(_copy_data.o)
 .text.libgcc.fmul
                0x00000000        0x0 c:/program files (x86)/atmel/studio/7.0/toolchain/avr8/avr8-gnu-toolchain/bin/../lib/gcc/avr/5.4.0/avrxmega3\libgcc.a(_copy_data.o)
 .text.libgcc.fixed
                0x00000000        0x0 c:/program files (x86)/atmel/studio/7.0/toolchain/avr8/avr8-gnu-toolchain/bin/../lib/gcc/avr/5.4.0/avrxmega3\libgcc.a(_copy_data.o)
 .text          0x00000000        0x0 c:/program files (x86)/atmel/studio/7.0/toolchain/avr8/avr8-gnu-toolchain/bin/../lib/gcc/avr/5.4.0/avrxmega3\libgcc.a(_clear_bss.o)
 .data          0x00000000        0x0 c:/program files (x86)/atmel/studio/7.0/toolchain/avr8/avr8-gnu-toolchain/bin/../lib/gcc/avr/5.4.0/avrxmega3\libgcc.a(_clear_bss.o)
 .bss           0x00000000        0x0 c:/program files (x86)/atmel/studio/7.0/toolchain/avr8/avr8-gnu-toolchain/bin/../lib/gcc/avr/5.4.0/avrxmega3\libgcc.a(_clear_bss.o)
 .text.libgcc.mul
                0x00000000        0x0 c:/program files (x86)/atmel/studio/7.0/toolchain/avr8/avr8-gnu-toolchain/bin/../lib/gcc/avr/5.4.0/avrxmega3\libgcc.a(_clear_bss.o)
 .text.libgcc.div
                0x00000000        0x0 c:/program files (x86)/atmel/studio/7.0/toolchain/avr8/avr8-gnu-toolchain/bin/../lib/gcc/avr/5.4.0/avrxmega3\libgcc.a(_clear_bss.o)
 .text.libgcc   0x00000000        0x0 c:/program files (x86)/atmel/studio/7.0/toolchain/avr8/avr8-gnu-toolchain/bin/../lib/gcc/avr/5.4.0/avrxmega3\libgcc.a(_clear_bss.o)
 .text.libgcc.prologue
                0x00000000        0x0 c:/program files (x86)/atmel/studio/7.0/toolchain/avr8/avr8-gnu-toolchain/bin/../lib/gcc/avr/5.4.0/avrxmega3\libgcc.a(_clear_bss.o)
 .text.libgcc.builtins
                0x00000000        0x0 c:/program files (x86)/atmel/studio/7.0/toolchain/avr8/avr8-gnu-toolchain/bin/../lib/gcc/avr/5.4.0/avrxmega3\libgcc.a(_clear_bss.o)
 .text.libgcc.fmul
                0x00000000        0x0 c:/program files (x86)/atmel/studio/7.0/toolchain/avr8/avr8-gnu-toolchain/bin/../lib/gcc/avr/5.4.0/avrxmega3\libgcc.a(_clear_bss.o)
 .text.libgcc.fixed
                0x00000000        0x0 c:/program files (x86)/atmel/studio/7.0/toolchain/avr8/avr8-gnu-toolchain/bin/../lib/gcc/avr/5.4.0/avrxmega3\libgcc.a(_clear_bss.o)
 .text          0x00000000        0x0 c:/program files (x86)/atmel/studio/7.0/toolchain/avr8/avr8-gnu-toolchain/bin/../lib/gcc/avr/5.4.0/avrxmega3\libgcc.a(_udivmodhi4.o)
 .data          0x00000000        0x0 c:/program files (x86)/atmel/studio/7.0/toolchain/avr8/avr8-gnu-toolchain/bin/../lib/gcc/avr/5.4.0/avrxmega3\libgcc.a(_udivmodhi4.o)
 .bss           0x00000000        0x0 c:/program files (x86)/atmel/studio/7.0/toolchain/avr8/avr8-gnu-toolchain/bin/../lib/gcc/avr/5.4.0/avrxmega3\libgcc.a(_udivmodhi4.o)
 .text.libgcc.mul
                0x00000000        0x0 c:/program files (x86)/atmel/studio/7.0/toolchain/avr8/avr8-gnu-toolchain/bin/../lib/gcc/avr/5.4.0/avrxmega3\libgcc.a(_udivmodhi4.o)
 .text.libgcc   0x00000000        0x0 c:/program files (x86)/atmel/studio/7.0/toolchain/avr8/avr8-gnu-toolchain/bin/../lib/gcc/avr/5.4.0/avrxmega3\libgcc.a(_udivmodhi4.o)
 .text.libgcc.prologue
                0x00000000        0x0 c:/program files (x86)/atmel/studio/7.0/toolchain/avr8/avr8-gnu-toolchain/bin/../lib/gcc/avr/5.4.0/avrxmega3\libgcc.a(_udivmodhi4.o)
 .text.libgcc.builtins
                0x00000000        0x0 c:/program files (x86)/atmel/studio/7.0/toolchain/avr8/avr8-gnu-toolchain/bin/../lib/gcc/avr/5.4.0/avrxmega3\libgcc.a(_udivmodhi4.o)
 .text.libgcc.fmul
                0x00000000        0x0 c:/program files (x86)/atmel/studio/7.0/toolchain/avr8/avr8-gnu-toolchain/bin/../lib/gcc/avr/5.4.0/avrxmega3\libgcc.a(_udivmodhi4.o)
 .text.libgcc.fixed
                0x00000000        0x0 c:/program files (x86)/atmel/studio/7.0/toolchain/avr8/avr8-gnu-toolchain/bin/../lib/gcc/avr/5.4.0/avrxmega3\libgcc.a(_udivmodhi4.o)
 .text          0x00000000        0x0 c:/program files (x86)/atmel/studio/7.0/toolchain/avr8/avr8-gnu-toolchain/bin/../lib/gcc/avr/5.4.0/../../../../avr/lib/avrxmega3\libc.a(rand.o)
 .bss           0x00000000        0x0 c:/program files (x86)/atmel/studio/7.0/toolchain/avr8/avr8-gnu-toolchain/bin/../lib/gcc/avr/5.4.0/../../../../avr/lib/avrxmega3\libc.a(rand.o)
 .text          0x00000000        0x0 c:/program files (x86)/atmel/studio/7.0/toolchain/avr8/avr8-gnu-toolchain/bin/../lib/gcc/avr/5.4.0/avrxmega3\libgcc.a(_divmodsi4.o)
 .data          0x00000000        0x0 c:/program files (x86)/atmel/studio/7.0/toolchain/avr8/avr8-gnu-toolchain/bin/../lib/gcc/avr/5.4.0/avrxmega3\libgcc.a(_divmodsi4.o)
 .bss           0x00000000        0x0 c:/program files (x86)/atmel/studio/7.0/toolchain/avr8/avr8-gnu-toolchain/bin/../lib/gcc/avr/5.4.0/avrxmega3\libgcc.a(_divmodsi4.o)
 .text.libgcc.mul
                0x00000000        0x0 c:/program files (x86)/atmel/studio/7.0/toolchain/avr8/avr8-gnu-toolchain/bin/../lib/gcc/avr/5.4.0/avrxmega3\libgcc.a(_divmodsi4.o)
 .text.libgcc   0x00000000        0x0 c:/program files (x86)/atmel/studio/7.0/toolchain/avr8/avr8-gnu-toolchain/bin/../lib/gcc/avr/5.4.0/avrxmega3\libgcc.a(_divmodsi4.o)
 .text.libgcc.prologue
                0x00000000        0x0 c:/program files (x86)/atmel/studio/7.0/toolchain/avr8/avr8-gnu-toolchain/bin/../lib/gcc/avr/5.4.0/avrxmega3\libgcc.a(_divmodsi4.o)
 .text.libgcc.builtins
                0x00000000        0x0 c:/program files (x86)/atmel/studio/7.0/toolchain/avr8/avr8-gnu-toolchain/bin/../lib/gcc/avr/5.4.0/avrxmega3\libgcc.a(_divmodsi4.o)
 .text.libgcc.fmul
                0x00000000        0x0 c:/program files (x86)/atmel/studio/7.0/toolchain/avr8/avr8-gnu-toolchain/bin/../lib/gcc/avr/5.4.0/avrxmega3\libgcc.a(_divmodsi4.o)
 .text.libgcc.fixed
                0x00000000        0x0 c:/program files (x86)/atmel/studio/7.0/toolchain/avr8/avr8-gnu-toolchain/bin/../lib/gcc/avr/5.4.0/avrxmega3\libgcc.a(_divmodsi4.o)
 .text          0x00000000        0x0 c:/program files (x86)/atmel/studio/7.0/toolchain/avr8/avr8-gnu-toolchain/bin/../lib/gcc/avr/5.4.0/avrxmega3\libgcc.a(_negsi2.o)
 .data          0x00000000        0x0 c:/program files (x86)/atmel/studio/7.0/toolchain/avr8/avr8-gnu-toolchain/bin/../lib/gcc/avr/5.4.0/avrxmega3\libgcc.a(_negsi2.o)
 .bss           0x00000000        0x0 c:/program files (x86)/atmel/studio/7.0/toolchain/avr8/avr8-gnu-toolchain/bin/../lib/gcc/avr/5.4.0/avrxmega3\libgcc.a(_negsi2.o)
 .text.libgcc.mul
                0x00000000        0x0 c:/program files (x86)/atmel/studio/7.0/toolchain/avr8/avr8-gnu-toolchain/bin/../lib/gcc/avr/5.4.0/avrxmega3\libgcc.a(_negsi2.o)
 .text.libgcc   0x00000000        0x0 c:/program files (x86)/atmel/studio/7.0/toolchain/avr8/avr8-gnu-toolchain/bin/../lib/gcc/avr/5.4.0/avrxmega3\libgcc.a(_negsi2.o)
 .text.libgcc.prologue
                0x00000000        0x0 c:/program files (x86)/atmel/studio/7.0/toolchain/avr8/avr8-gnu-toolchain/bin/../lib/gcc/avr/5.4.0/avrxmega3\libgcc.a(_negsi2.o)
 .text.libgcc.builtins
                0x00000000        0x0 c:/program files (x86)/atmel/studio/7.0/toolchain/avr8/avr8-gnu-toolchain/bin/../lib/gcc/avr/5.4.0/avrxmega3\libgcc.a(_negsi2.o)
 .text.libgcc.fmul
                0x00000000        0x0 c:/program files (x86)/atmel/studio/7.0/toolchain/avr8/avr8-gnu-toolchain/bin/../lib/gcc/avr/5.4.0/avrxmega3\libgcc.a(_negsi2.o)
 .text.libgcc.fixed
                0x00000000        0x0 c:/program files (x86)/atmel/studio/7.0/toolchain/avr8/avr8-gnu-toolchain/bin/../lib/gcc/avr/5.4.0/avrxmega3\libgcc.a(_negsi2.o)
 .text          0x00000000        0x0 c:/program files (x86)/atmel/studio/7.0/toolchain/avr8/avr8-gnu-toolchain/bin/../lib/gcc/avr/5.4.0/avrxmega3\libgcc.a(_muluhisi3.o)
 .data          0x00000000        0x0 c:/program files (x86)/atmel/studio/7.0/toolchain/avr8/avr8-gnu-toolchain/bin/../lib/gcc/avr/5.4.0/avrxmega3\libgcc.a(_muluhisi3.o)
 .bss           0x00000000        0x0 c:/program files (x86)/atmel/studio/7.0/toolchain/avr8/avr8-gnu-toolchain/bin/../lib/gcc/avr/5.4.0/avrxmega3\libgcc.a(_muluhisi3.o)
 .text.libgcc.div
                0x00000000        0x0 c:/program files (x86)/atmel/studio/7.0/toolchain/avr8/avr8-gnu-toolchain/bin/../lib/gcc/avr/5.4.0/avrxmega3\libgcc.a(_muluhisi3.o)
 .text.libgcc   0x00000000        0x0 c:/program files (x86)/atmel/studio/7.0/toolchain/avr8/avr8-gnu-toolchain/bin/../lib/gcc/avr/5.4.0/avrxmega3\libgcc.a(_muluhisi3.o)
 .text.libgcc.prologue
                0x00000000        0x0 c:/program files (x86)/atmel/studio/7.0/toolchain/avr8/avr8-gnu-toolchain/bin/../lib/gcc/avr/5.4.0/avrxmega3\libgcc.a(_muluhisi3.o)
 .text.libgcc.builtins
                0x00000000        0x0 c:/program files (x86)/atmel/studio/7.0/toolchain/avr8/avr8-gnu-toolchain/bin/../lib/gcc/avr/5.4.0/avrxmega3\libgcc.a(_muluhisi3.o)
 .text.libgcc.fmul
                0x00000000        0x0 c:/program files (x86)/atmel/studio/7.0/toolchain/avr8/avr8-gnu-toolchain/bin/../lib/gcc/avr/5.4.0/avrxmega3\libgcc.a(_muluhisi3.o)
 .text.libgcc.fixed
                0x00000000        0x0 c:/program files (x86)/atmel/studio/7.0/toolchain/avr8/avr8-gnu-toolchain/bin/../lib/gcc/avr/5.4.0/avrxmega3\libgcc.a(_muluhisi3.o)
 .text          0x00000000        0x0 c:/program files (x86)/atmel/studio/7.0/toolchain/avr8/avr8-gnu-toolchain/bin/../lib/gcc/avr/5.4.0/avrxmega3\libgcc.a(_mulshisi3.o)
 .data          0x00000000        0x0 c:/program files (x86)/atmel/studio/7.0/toolchain/avr8/avr8-gnu-toolchain/bin/../lib/gcc/avr/5.4.0/avrxmega3\libgcc.a(_mulshisi3.o)
 .bss           0x00000000        0x0 c:/program files (x86)/atmel/studio/7.0/toolchain/avr8/avr8-gnu-toolchain/bin/../lib/gcc/avr/5.4.0/avrxmega3\libgcc.a(_mulshisi3.o)
 .text.libgcc.div
                0x00000000        0x0 c:/program files (x86)/atmel/studio/7.0/toolchain/avr8/avr8-gnu-toolchain/bin/../lib/gcc/avr/5.4.0/avrxmega3\libgcc.a(_mulshisi3.o)
 .text.libgcc   0x00000000        0x0 c:/program files (x86)/atmel/studio/7.0/toolchain/avr8/avr8-gnu-toolchain/bin/../lib/gcc/avr/5.4.0/avrxmega3\libgcc.a(_mulshisi3.o)
 .text.libgcc.prologue
                0x00000000        0x0 c:/program files (x86)/atmel/studio/7.0/toolchain/avr8/avr8-gnu-toolchain/bin/../lib/gcc/avr/5.4.0/avrxmega3\libgcc.a(_mulshisi3.o)
 .text.libgcc.builtins
                0x00000000        0x0 c:/program files (x86)/atmel/studio/7.0/toolchain/avr8/avr8-gnu-toolchain/bin/../lib/gcc/avr/5.4.0/avrxmega3\libgcc.a(_mulshisi3.o)
 .text.libgcc.fmul
                0x00000000        0x0 c:/program files (x86)/atmel/studio/7.0/toolchain/avr8/avr8-gnu-toolchain/bin/../lib/gcc/avr/5.4.0/avrxmega3\libgcc.a(_mulshisi3.o)
 .text.libgcc.fixed
                0x00000000        0x0 c:/program files (x86)/atmel/studio/7.0/toolchain/avr8/avr8-gnu-toolchain/bin/../lib/gcc/avr/5.4.0/avrxmega3\libgcc.a(_mulshisi3.o)
 .text          0x00000000        0x0 c:/program files (x86)/atmel/studio/7.0/toolchain/avr8/avr8-gnu-toolchain/bin/../lib/gcc/avr/5.4.0/avrxmega3\libgcc.a(_udivmodsi4.o)
 .data          0x00000000        0x0 c:/program files (x86)/atmel/studio/7.0/toolchain/avr8/avr8-gnu-toolchain/bin/../lib/gcc/avr/5.4.0/avrxmega3\libgcc.a(_udivmodsi4.o)
 .bss           0x00000000        0x0 c:/program files (x86)/atmel/studio/7.0/toolchain/avr8/avr8-gnu-toolchain/bin/../lib/gcc/avr/5.4.0/avrxmega3\libgcc.a(_udivmodsi4.o)
 .text.libgcc.mul
                0x00000000        0x0 c:/program files (x86)/atmel/studio/7.0/toolchain/avr8/avr8-gnu-toolchain/bin/../lib/gcc/avr/5.4.0/avrxmega3\libgcc.a(_udivmodsi4.o)
 .text.libgcc   0x00000000        0x0 c:/program files (x86)/atmel/studio/7.0/toolchain/avr8/avr8-gnu-toolchain/bin/../lib/gcc/avr/5.4.0/avrxmega3\libgcc.a(_udivmodsi4.o)
 .text.libgcc.prologue
                0x00000000        0x0 c:/program files (x86)/atmel/studio/7.0/toolchain/avr8/avr8-gnu-toolchain/bin/../lib/gcc/avr/5.4.0/avrxmega3\libgcc.a(_udivmodsi4.o)
 .text.libgcc.builtins
                0x00000000        0x0 c:/program files (x86)/atmel/studio/7.0/toolchain/avr8/avr8-gnu-toolchain/bin/../lib/gcc/avr/5.4.0/avrxmega3\libgcc.a(_udivmodsi4.o)
 .text.libgcc.fmul
                0x00000000        0x0 c:/program files (x86)/atmel/studio/7.0/toolchain/avr8/avr8-gnu-toolchain/bin/../lib/gcc/avr/5.4.0/avrxmega3\libgcc.a(_udivmodsi4.o)
 .text.libgcc.fixed
                0x00000000        0x0 c:/program files (x86)/atmel/studio/7.0/toolchain/avr8/avr8-gnu-toolchain/bin/../lib/gcc/avr/5.4.0/avrxmega3\libgcc.a(_udivmodsi4.o)
 .text          0x00000000        0x0 c:/program files (x86)/atmel/studio/7.0/toolchain/avr8/avr8-gnu-toolchain/bin/../lib/gcc/avr/5.4.0/avrxmega3\libgcc.a(_umulhisi3.o)
 .data          0x00000000        0x0 c:/program files (x86)/atmel/studio/7.0/toolchain/avr8/avr8-gnu-toolchain/bin/../lib/gcc/avr/5.4.0/avrxmega3\libgcc.a(_umulhisi3.o)
 .bss           0x00000000        0x0 c:/program files (x86)/atmel/studio/7.0/toolchain/avr8/avr8-gnu-toolchain/bin/../lib/gcc/avr/5.4.0/avrxmega3\libgcc.a(_umulhisi3.o)
 .text.libgcc.div
                0x00000000        0x0 c:/program files (x86)/atmel/studio/7.0/toolchain/avr8/avr8-gnu-toolchain/bin/../lib/gcc/avr/5.4.0/avrxmega3\libgcc.a(_umulhisi3.o)
 .text.libgcc   0x00000000        0x0 c:/program files (x86)/atmel/studio/7.0/toolchain/avr8/avr8-gnu-toolchain/bin/../lib/gcc/avr/5.4.0/avrxmega3\libgcc.a(_umulhisi3.o)
 .text.libgcc.prologue
                0x00000000        0x0 c:/program files (x86)/atmel/studio/7.0/toolchain/avr8/avr8-gnu-toolchain/bin/../lib/gcc/avr/5.4.0/avrxmega3\libgcc.a(_umulhisi3.o)
 .text.libgcc.builtins
                0x00000000        0x0 c:/program files (x86)/atmel/studio/7.0/toolchain/avr8/avr8-gnu-toolchain/bin/../lib/gcc/avr/5.4.0/avrxmega3\libgcc.a(_umulhisi3.o)
 .text.libgcc.fmul
                0x00000000        0x0 c:/program files (x86)/atmel/studio/7.0/toolchain/avr8/avr8-gnu-toolchain/bin/../lib/gcc/avr/5.4.0/avrxmega3\libgcc.a(_umulhisi3.o)
 .text.libgcc.fixed
                0x00000000        0x0 c:/program files (x86)/atmel/studio/7.0/toolchain/avr8/avr8-gnu-toolchain/bin/../lib/gcc/avr/5.4.0/avrxmega3\libgcc.a(_umulhisi3.o)

Memory Configuration

Name             Origin             Length             Attributes
text             0x00000000         0x00100000         xr
data             0x00802000         0x0000ffa0         rw !x
eeprom           0x00810000         0x00010000         rw !x
fuse             0x00820000         0x00000009         rw !x
lock             0x00830000         0x00000400         rw !x
signature        0x00840000         0x00000400         rw !x
user_signatures  0x00850000         0x00000400         rw !x
*default*        0x00000000         0xffffffff

Linker script and memory map

Address of section .data set to 0x803800
                0x00008000                __RODATA_PM_OFFSET__ = 0x8000
LOAD C:/Program Files (x86)/Atmel/Studio/7.0/Packs/atmel/ATtiny_DFP/1.3.147/gcc/dev/attiny1616/avrxmega3/crtattiny1616.o
LOAD atmel_start.o
LOAD driver_isr.o
LOAD i2c_slave.o
LOAD main.o
LOAD qtouch/touch.o
LOAD src/bod.o
LOAD src/clkctrl.o
LOAD src/cpuint.o
LOAD src/driver_init.o
LOAD src/i2c_slave.o
LOAD src/protected_io.o
LOAD src/rtc.o
LOAD src/slpctrl.o
LOAD src/tca.o
START GROUP
LOAD ../qtouch/lib/gcc\libqtm_touch_key_t1616_0x0002.a
LOAD ../qtouch/lib/gcc\libqtm_binding_layer_t1616_0x0005.a
LOAD ../qtouch/lib/gcc\libqtm_acq_runtime_t1616_0x0018.a
LOAD c:/program files (x86)/atmel/studio/7.0/toolchain/avr8/avr8-gnu-toolchain/bin/../lib/gcc/avr/5.4.0/../../../../avr/lib/avrxmega3\libm.a
END GROUP
START GROUP
LOAD c:/program files (x86)/atmel/studio/7.0/toolchain/avr8/avr8-gnu-toolchain/bin/../lib/gcc/avr/5.4.0/avrxmega3\libgcc.a
LOAD c:/program files (x86)/atmel/studio/7.0/toolchain/avr8/avr8-gnu-toolchain/bin/../lib/gcc/avr/5.4.0/../../../../avr/lib/avrxmega3\libm.a
LOAD c:/program files (x86)/atmel/studio/7.0/toolchain/avr8/avr8-gnu-toolchain/bin/../lib/gcc/avr/5.4.0/../../../../avr/lib/avrxmega3\libc.a
LOAD C:/Program Files (x86)/Atmel/Studio/7.0/Packs/atmel/ATtiny_DFP/1.3.147/gcc/dev/attiny1616/avrxmega3\libattiny1616.a
END GROUP
                0x00100000                __TEXT_REGION_LENGTH__ = DEFINED (__TEXT_REGION_LENGTH__)?__TEXT_REGION_LENGTH__:0x100000
                0x0000ffa0                __DATA_REGION_LENGTH__ = DEFINED (__DATA_REGION_LENGTH__)?__DATA_REGION_LENGTH__:0xffa0
                0x00010000                __EEPROM_REGION_LENGTH__ = DEFINED (__EEPROM_REGION_LENGTH__)?__EEPROM_REGION_LENGTH__:0x10000
                [0x00000009]                __FUSE_REGION_LENGTH__ = DEFINED (__FUSE_REGION_LENGTH__)?__FUSE_REGION_LENGTH__:0x400
                0x00000400                __LOCK_REGION_LENGTH__ = DEFINED (__LOCK_REGION_LENGTH__)?__LOCK_REGION_LENGTH__:0x400
                0x00000400                __SIGNATURE_REGION_LENGTH__ = DEFINED (__SIGNATURE_REGION_LENGTH__)?__SIGNATURE_REGION_LENGTH__:0x400
                0x00000400                __USER_SIGNATURE_REGION_LENGTH__ = DEFINED (__USER_SIGNATURE_REGION_LENGTH__)?__USER_SIGNATURE_REGION_LENGTH__:0x400
                0x00008000                __RODATA_PM_OFFSET__ = DEFINED (__RODATA_PM_OFFSET__)?__RODATA_PM_OFFSET__:0x8000

.hash
 *(.hash)

.dynsym
 *(.dynsym)

.dynstr
 *(.dynstr)

.gnu.version
 *(.gnu.version)

.gnu.version_d
 *(.gnu.version_d)

.gnu.version_r
 *(.gnu.version_r)

.rel.init
 *(.rel.init)

.rela.init
 *(.rela.init)

.rel.text
 *(.rel.text)
 *(.rel.text.*)
 *(.rel.gnu.linkonce.t*)

.rela.text
 *(.rela.text)
 *(.rela.text.*)
 *(.rela.gnu.linkonce.t*)

.rel.fini
 *(.rel.fini)

.rela.fini
 *(.rela.fini)

.rel.rodata
 *(.rel.rodata)
 *(.rel.rodata.*)
 *(.rel.gnu.linkonce.r*)

.rela.rodata
 *(.rela.rodata)
 *(.rela.rodata.*)
 *(.rela.gnu.linkonce.r*)

.rel.data
 *(.rel.data)
 *(.rel.data.*)
 *(.rel.gnu.linkonce.d*)

.rela.data
 *(.rela.data)
 *(.rela.data.*)
 *(.rela.gnu.linkonce.d*)

.rel.ctors
 *(.rel.ctors)

.rela.ctors
 *(.rela.ctors)

.rel.dtors
 *(.rel.dtors)

.rela.dtors
 *(.rela.dtors)

.rel.got
 *(.rel.got)

.rela.got
 *(.rela.got)

.rel.bss
 *(.rel.bss)

.rela.bss
 *(.rela.bss)

.rel.plt
 *(.rel.plt)

.rela.plt
 *(.rela.plt)

.text           0x00000000     0x19a4
 *(.vectors)
 .vectors       0x00000000       0x7c C:/Program Files (x86)/Atmel/Studio/7.0/Packs/atmel/ATtiny_DFP/1.3.147/gcc/dev/attiny1616/avrxmega3/crtattiny1616.o
                0x00000000                __vector_default
                0x00000000                __vectors
 *(.vectors)
 *(.progmem.gcc*)
                0x0000007c                . = ALIGN (0x2)
                0x0000007c                __trampolines_start = .
 *(.trampolines)
 .trampolines   0x0000007c        0x0 linker stubs
 *(.trampolines*)
                0x0000007c                __trampolines_end = .
 *libprintf_flt.a:*(.progmem.data)
 *libc.a:*(.progmem.data)
 *(.progmem*)
                0x0000007c                . = ALIGN (0x2)
 *(.jumptables)
 *(.jumptables*)
 *(.lowtext)
 *(.lowtext*)
                0x0000007c                __ctors_start = .
 *(.ctors)
                0x0000007c                __ctors_end = .
                0x0000007c                __dtors_start = .
 *(.dtors)
                0x0000007c                __dtors_end = .
 SORT(*)(.ctors)
 SORT(*)(.dtors)
 *(.init0)
 .init0         0x0000007c        0x0 C:/Program Files (x86)/Atmel/Studio/7.0/Packs/atmel/ATtiny_DFP/1.3.147/gcc/dev/attiny1616/avrxmega3/crtattiny1616.o
                0x0000007c                __init
 *(.init0)
 *(.init1)
 *(.init1)
 *(.init2)
 .init2         0x0000007c        0xc C:/Program Files (x86)/Atmel/Studio/7.0/Packs/atmel/ATtiny_DFP/1.3.147/gcc/dev/attiny1616/avrxmega3/crtattiny1616.o
 *(.init2)
 *(.init3)
 *(.init3)
 *(.init4)
 .init4         0x00000088       0x16 c:/program files (x86)/atmel/studio/7.0/toolchain/avr8/avr8-gnu-toolchain/bin/../lib/gcc/avr/5.4.0/avrxmega3\libgcc.a(_copy_data.o)
                0x00000088                __do_copy_data
 .init4         0x0000009e       0x10 c:/program files (x86)/atmel/studio/7.0/toolchain/avr8/avr8-gnu-toolchain/bin/../lib/gcc/avr/5.4.0/avrxmega3\libgcc.a(_clear_bss.o)
                0x0000009e                __do_clear_bss
 *(.init4)
 *(.init5)
 *(.init5)
 *(.init6)
 *(.init6)
 *(.init7)
 *(.init7)
 *(.init8)
 *(.init8)
 *(.init9)
 .init9         0x000000ae        0x8 C:/Program Files (x86)/Atmel/Studio/7.0/Packs/atmel/ATtiny_DFP/1.3.147/gcc/dev/attiny1616/avrxmega3/crtattiny1616.o
 *(.init9)
 *(.text)
 .text          0x000000b6        0x4 C:/Program Files (x86)/Atmel/Studio/7.0/Packs/atmel/ATtiny_DFP/1.3.147/gcc/dev/attiny1616/avrxmega3/crtattiny1616.o
                0x000000b6                __vector_22
                0x000000b6                __vector_28
                0x000000b6                __vector_1
                0x000000b6                __vector_12
                0x000000b6                __bad_interrupt
                0x000000b6                __vector_3
                0x000000b6                __vector_23
                0x000000b6                __vector_30
                0x000000b6                __vector_25
                0x000000b6                __vector_11
                0x000000b6                __vector_13
                0x000000b6                __vector_17
                0x000000b6                __vector_19
                0x000000b6                __vector_7
                0x000000b6                __vector_27
                0x000000b6                __vector_5
                0x000000b6                __vector_4
                0x000000b6                __vector_9
                0x000000b6                __vector_2
                0x000000b6                __vector_21
                0x000000b6                __vector_15
                0x000000b6                __vector_29
                0x000000b6                __vector_26
                0x000000b6                __vector_14
                0x000000b6                __vector_16
                0x000000b6                __vector_18
                0x000000ba                . = ALIGN (0x2)
 *(.text.*)
 .text.__vector_6
                0x000000ba       0x4e driver_isr.o
                0x000000ba                __vector_6
 .text.__vector_8
                0x00000108       0x54 driver_isr.o
                0x00000108                __vector_8
 .text.__vector_10
                0x0000015c       0x1e driver_isr.o
                0x0000015c                __vector_10
 .text.main     0x0000017a      0x2da main.o
                0x0000017a                main
 .text.qtm_measure_complete_callback
                0x00000454        0x8 qtouch/touch.o
 .text.Timer_set_period
                0x0000045c       0x16 qtouch/touch.o
                0x0000045c                Timer_set_period
 .text.touch_init
                0x00000472       0x50 qtouch/touch.o
                0x00000472                touch_init
 .text.touch_process
                0x000004c2       0x68 qtouch/touch.o
                0x000004c2                touch_process
 .text.touch_timer_handler
                0x0000052a       0x24 qtouch/touch.o
                0x0000052a                touch_timer_handler
 .text.get_sensor_state
                0x0000054e       0x1e qtouch/touch.o
                0x0000054e                get_sensor_state
 .text.__vector_20
                0x0000056c       0x48 qtouch/touch.o
                0x0000056c                __vector_20
 .text.BOD_init
                0x000005b4        0x4 src/bod.o
                0x000005b4                BOD_init
 .text.CLKCTRL_init
                0x000005b8       0x10 src/clkctrl.o
                0x000005b8                CLKCTRL_init
 .text.CPUINT_init
                0x000005c8        0x6 src/cpuint.o
                0x000005c8                CPUINT_init
 .text.mcu_init
                0x000005ce       0x38 src/driver_init.o
                0x000005ce                mcu_init
 .text.I2C_0_initialization
                0x00000606       0x58 src/driver_init.o
                0x00000606                I2C_0_initialization
 .text.system_init
                0x0000065e       0x3a src/driver_init.o
                0x0000065e                system_init
 .text.I2C_0_init
                0x00000698       0x3e src/i2c_slave.o
                0x00000698                I2C_0_init
 .text.I2C_0_goto_unaddressed
                0x000006d6       0x10 src/i2c_slave.o
                0x000006d6                I2C_0_goto_unaddressed
 .text.I2C_0_read_callback
                0x000006e6       0x10 src/i2c_slave.o
                0x000006e6                I2C_0_read_callback
 .text.I2C_0_write_callback
                0x000006f6       0x10 src/i2c_slave.o
                0x000006f6                I2C_0_write_callback
 .text.I2C_0_address_callback
                0x00000706       0x10 src/i2c_slave.o
                0x00000706                I2C_0_address_callback
 .text.I2C_0_stop_callback
                0x00000716       0x10 src/i2c_slave.o
                0x00000716                I2C_0_stop_callback
 .text.I2C_0_collision_callback
                0x00000726       0x10 src/i2c_slave.o
                0x00000726                I2C_0_collision_callback
 .text.I2C_0_bus_error_callback
                0x00000736       0x10 src/i2c_slave.o
                0x00000736                I2C_0_bus_error_callback
 .text.I2C_0_isr
                0x00000746       0x90 src/i2c_slave.o
                0x00000746                I2C_0_isr
 .text.__vector_24
                0x000007d6       0x48 src/i2c_slave.o
                0x000007d6                __vector_24
 .text.protected_write_io
                0x0000081e        0x8 src/protected_io.o
                0x0000081e                protected_write_io
 .text.Timer_init
                0x00000826       0x1a src/rtc.o
                0x00000826                Timer_init
 .text.SLPCTRL_init
                0x00000840        0x4 src/slpctrl.o
                0x00000840                SLPCTRL_init
 .text.TIMER_0_init
                0x00000844       0x1c src/tca.o
                0x00000844                TIMER_0_init
 .text.check_for_aks_block
                0x00000860       0xd2 ../qtouch/lib/gcc\libqtm_touch_key_t1616_0x0002.a(avr_touch_key_g_t1616.o)
 .text.qtm_update_qtlib_timer
                0x00000932       0x16 ../qtouch/lib/gcc\libqtm_touch_key_t1616_0x0002.a(avr_touch_key_g_t1616.o)
                0x00000932                qtm_update_qtlib_timer
 .text.qtm_init_sensor_key
                0x00000948       0x3e ../qtouch/lib/gcc\libqtm_touch_key_t1616_0x0002.a(avr_touch_key_g_t1616.o)
                0x00000948                qtm_init_sensor_key
 .text.qtm_key_sensors_process
                0x00000986      0x74c ../qtouch/lib/gcc\libqtm_touch_key_t1616_0x0002.a(avr_touch_key_g_t1616.o)
                0x00000986                qtm_key_sensors_process
 .text.select_next_channel_to_measure
                0x000010d2       0x66 ../qtouch/lib/gcc\libqtm_acq_runtime_t1616_0x0018.a(avr_acq_g_t1616.o)
 .text.qtm_measure_node
                0x00001138      0x11a ../qtouch/lib/gcc\libqtm_acq_runtime_t1616_0x0018.a(avr_acq_g_t1616.o)
 .text.qtm_acquisition_process
                0x00001252      0x2fc ../qtouch/lib/gcc\libqtm_acq_runtime_t1616_0x0018.a(avr_acq_g_t1616.o)
                0x00001252                qtm_acquisition_process
 .text.qtm_ptc_init_acquisition_module
                0x0000154e       0x8c ../qtouch/lib/gcc\libqtm_acq_runtime_t1616_0x0018.a(avr_acq_g_t1616.o)
                0x0000154e                qtm_ptc_init_acquisition_module
 .text.qtm_ptc_qtlib_assign_signal_memory
                0x000015da       0x14 ../qtouch/lib/gcc\libqtm_acq_runtime_t1616_0x0018.a(avr_acq_g_t1616.o)
                0x000015da                qtm_ptc_qtlib_assign_signal_memory
 .text.qtm_ptc_start_measurement_seq
                0x000015ee       0xcc ../qtouch/lib/gcc\libqtm_acq_runtime_t1616_0x0018.a(avr_acq_g_t1616.o)
                0x000015ee                qtm_ptc_start_measurement_seq
 .text.qtm_enable_sensor_node
                0x000016ba       0x3e ../qtouch/lib/gcc\libqtm_acq_runtime_t1616_0x0018.a(avr_acq_g_t1616.o)
                0x000016ba                qtm_enable_sensor_node
 .text.qtm_calibrate_sensor_node
                0x000016f8       0x82 ../qtouch/lib/gcc\libqtm_acq_runtime_t1616_0x0018.a(avr_acq_g_t1616.o)
                0x000016f8                qtm_calibrate_sensor_node
 .text.qtm_t161x_ptc_handler_eoc
                0x0000177a       0x58 ../qtouch/lib/gcc\libqtm_acq_runtime_t1616_0x0018.a(avr_acq_g_t1616.o)
                0x0000177a                qtm_t161x_ptc_handler_eoc
 .text.libgcc.div
                0x000017d2       0x28 c:/program files (x86)/atmel/studio/7.0/toolchain/avr8/avr8-gnu-toolchain/bin/../lib/gcc/avr/5.4.0/avrxmega3\libgcc.a(_divmodhi4.o)
                0x000017d2                _div
                0x000017d2                __divmodhi4
 .text.libgcc.div
                0x000017fa       0x28 c:/program files (x86)/atmel/studio/7.0/toolchain/avr8/avr8-gnu-toolchain/bin/../lib/gcc/avr/5.4.0/avrxmega3\libgcc.a(_udivmodhi4.o)
                0x000017fa                __udivmodhi4
 .text.avr-libc
                0x00001822       0xb8 c:/program files (x86)/atmel/studio/7.0/toolchain/avr8/avr8-gnu-toolchain/bin/../lib/gcc/avr/5.4.0/../../../../avr/lib/avrxmega3\libc.a(rand.o)
                0x000018b4                rand_r
                0x000018ba                rand
                0x000018c4                srand
 .text.libgcc.div
                0x000018da       0x2e c:/program files (x86)/atmel/studio/7.0/toolchain/avr8/avr8-gnu-toolchain/bin/../lib/gcc/avr/5.4.0/avrxmega3\libgcc.a(_divmodsi4.o)
                0x000018da                __divmodsi4
 .text.libgcc.div
                0x00001908       0x10 c:/program files (x86)/atmel/studio/7.0/toolchain/avr8/avr8-gnu-toolchain/bin/../lib/gcc/avr/5.4.0/avrxmega3\libgcc.a(_negsi2.o)
                0x00001908                __negsi2
 .text.libgcc.mul
                0x00001918       0x16 c:/program files (x86)/atmel/studio/7.0/toolchain/avr8/avr8-gnu-toolchain/bin/../lib/gcc/avr/5.4.0/avrxmega3\libgcc.a(_muluhisi3.o)
                0x00001918                __muluhisi3
 .text.libgcc.mul
                0x0000192e       0x10 c:/program files (x86)/atmel/studio/7.0/toolchain/avr8/avr8-gnu-toolchain/bin/../lib/gcc/avr/5.4.0/avrxmega3\libgcc.a(_mulshisi3.o)
                0x0000192e                __mulshisi3
                0x00001934                __mulohisi3
 .text.libgcc.div
                0x0000193e       0x44 c:/program files (x86)/atmel/studio/7.0/toolchain/avr8/avr8-gnu-toolchain/bin/../lib/gcc/avr/5.4.0/avrxmega3\libgcc.a(_udivmodsi4.o)
                0x0000193e                __udivmodsi4
 .text.libgcc.mul
                0x00001982       0x1e c:/program files (x86)/atmel/studio/7.0/toolchain/avr8/avr8-gnu-toolchain/bin/../lib/gcc/avr/5.4.0/avrxmega3\libgcc.a(_umulhisi3.o)
                0x00001982                __umulhisi3
                0x000019a0                . = ALIGN (0x2)
 *(.fini9)
 .fini9         0x000019a0        0x0 c:/program files (x86)/atmel/studio/7.0/toolchain/avr8/avr8-gnu-toolchain/bin/../lib/gcc/avr/5.4.0/avrxmega3\libgcc.a(_exit.o)
                0x000019a0                _exit
                0x000019a0                exit
 *(.fini9)
 *(.fini8)
 *(.fini8)
 *(.fini7)
 *(.fini7)
 *(.fini6)
 *(.fini6)
 *(.fini5)
 *(.fini5)
 *(.fini4)
 *(.fini4)
 *(.fini3)
 *(.fini3)
 *(.fini2)
 *(.fini2)
 *(.fini1)
 *(.fini1)
 *(.fini0)
 .fini0         0x000019a0        0x4 c:/program files (x86)/atmel/studio/7.0/toolchain/avr8/avr8-gnu-toolchain/bin/../lib/gcc/avr/5.4.0/avrxmega3\libgcc.a(_exit.o)
 *(.fini0)
                0x000019a4                _etext = .

.rodata         0x000099a4        0xe load address 0x000019a4
 *(.rodata)
 *(.rodata*)
 .rodata.pwm_log
                0x000099a4        0x8 main.o
                0x000099a4                pwm_log
 .rodata.gain_setting_int_cap
                0x000099ac        0x6 ../qtouch/lib/gcc\libqtm_acq_runtime_t1616_0x0018.a(avr_acq_g_t1616.o)
 *(.gnu.linkonce.r*)

.data           0x00803800       0x2e load address 0x000019b2
                0x00803800                PROVIDE (__data_start, .)
 *(.data)
 .data          0x00803800        0x4 c:/program files (x86)/atmel/studio/7.0/toolchain/avr8/avr8-gnu-toolchain/bin/../lib/gcc/avr/5.4.0/../../../../avr/lib/avrxmega3\libc.a(rand.o)
 *(.data*)
 .data.qtlib_key_set1
                0x00803804        0x8 qtouch/touch.o
                0x00803804                qtlib_key_set1
 .data.qtlib_key_configs_set1
                0x0080380c        0x3 qtouch/touch.o
                0x0080380c                qtlib_key_configs_set1
 .data.qtlib_key_grp_config_set1
                0x0080380f        0xa qtouch/touch.o
                0x0080380f                qtlib_key_grp_config_set1
 .data.qtlib_acq_set1
                0x00803819        0x6 qtouch/touch.o
                0x00803819                qtlib_acq_set1
 .data.ptc_seq_node_cfg1
                0x0080381f        0x8 qtouch/touch.o
                0x0080381f                ptc_seq_node_cfg1
 .data.ptc_qtlib_acq_gen1
                0x00803827        0x5 qtouch/touch.o
                0x00803827                ptc_qtlib_acq_gen1
 .data.isFirstByte.4071
                0x0080382c        0x1 src/i2c_slave.o
 .data.qtm_which_mode_current
                0x0080382d        0x1 ../qtouch/lib/gcc\libqtm_acq_runtime_t1616_0x0018.a(avr_acq_g_t1616.o)
                0x0080382d                qtm_which_mode_current
 *(.gnu.linkonce.d*)
                0x0080382e                . = ALIGN (0x2)
                0x0080382e                _edata = .
                0x0080382e                PROVIDE (__data_end, .)

.bss            0x0080382e       0x33
                0x0080382e                PROVIDE (__bss_start, .)
 *(.bss)
 *(.bss*)
 .bss.counter.4051
                0x0080382e        0x1 driver_isr.o
 .bss.LED_PWM   0x0080382f        0x3 driver_isr.o
                0x0080382f                LED_PWM
 .bss.module_error_code
                0x00803832        0x1 qtouch/touch.o
                0x00803832                module_error_code
 .bss.measurement_done_touch
                0x00803833        0x1 qtouch/touch.o
                0x00803833                measurement_done_touch
 .bss.touch_postprocess_request
                0x00803834        0x1 qtouch/touch.o
                0x00803834                touch_postprocess_request
 .bss.time_to_measure_touch_flag
                0x00803835        0x1 qtouch/touch.o
                0x00803835                time_to_measure_touch_flag
 .bss.qtm_local_ms_timecount
                0x00803836        0x2 ../qtouch/lib/gcc\libqtm_touch_key_t1616_0x0002.a(avr_touch_key_g_t1616.o)
                0x00803836                qtm_local_ms_timecount
 .bss.ptc_seq_measure_complete_pointer
                0x00803838        0x2 ../qtouch/lib/gcc\libqtm_acq_runtime_t1616_0x0018.a(avr_acq_g_t1616.o)
 .bss.touch_seq_lib_state
                0x0080383a        0x1 ../qtouch/lib/gcc\libqtm_acq_runtime_t1616_0x0018.a(avr_acq_g_t1616.o)
 .bss.current_measure_channel
                0x0080383b        0x2 ../qtouch/lib/gcc\libqtm_acq_runtime_t1616_0x0018.a(avr_acq_g_t1616.o)
 *(COMMON)
 COMMON         0x0080383d       0x14 qtouch/touch.o
                0x0080383d                qtlib_key_grp_data_set1
                0x00803843                interrupt_cnt
                0x00803844                ptc_qtlib_node_stat1
                0x00803849                touch_acq_signals_raw
                0x0080384b                qtlib_key_data_set1
 COMMON         0x00803851        0xc src/i2c_slave.o
                0x00803851                I2C_0_stop_interrupt_handler
                0x00803853                I2C_0_write_interrupt_handler
                0x00803855                I2C_0_read_interrupt_handler
                0x00803857                I2C_0_address_interrupt_handler
                0x00803859                I2C_0_bus_error_interrupt_handler
                0x0080385b                I2C_0_collision_interrupt_handler
 COMMON         0x0080385d        0x4 ../qtouch/lib/gcc\libqtm_acq_runtime_t1616_0x0018.a(avr_acq_g_t1616.o)
                0x0080385d                qtm_acquisition_control_working_set_ptr
                0x0080385f                qtm_raw_data_measurements_ptr
                0x00803861                PROVIDE (__bss_end, .)
                0x000019b2                __data_load_start = LOADADDR (.data)
                0x000019e0                __data_load_end = (__data_load_start + SIZEOF (.data))

.noinit         0x00803861        0x0
                [!provide]                PROVIDE (__noinit_start, .)
 *(.noinit*)
                [!provide]                PROVIDE (__noinit_end, .)
                0x00803861                _end = .
                [!provide]                PROVIDE (__heap_start, .)

.eeprom         0x00810000        0x0
 *(.eeprom*)
                0x00810000                __eeprom_end = .

.fuse
 *(.fuse)
 *(.lfuse)
 *(.hfuse)
 *(.efuse)

.lock
 *(.lock*)

.signature
 *(.signature*)

.user_signatures
 *(.user_signatures*)

.stab
 *(.stab)

.stabstr
 *(.stabstr)

.stab.excl
 *(.stab.excl)

.stab.exclstr
 *(.stab.exclstr)

.stab.index
 *(.stab.index)

.stab.indexstr
 *(.stab.indexstr)

.comment        0x00000000       0x30
 *(.comment)
 .comment       0x00000000       0x30 driver_isr.o
                                 0x31 (size before relaxing)
 .comment       0x00000030       0x31 main.o
 .comment       0x00000030       0x31 qtouch/touch.o
 .comment       0x00000030       0x31 src/bod.o
 .comment       0x00000030       0x31 src/clkctrl.o
 .comment       0x00000030       0x31 src/cpuint.o
 .comment       0x00000030       0x31 src/driver_init.o
 .comment       0x00000030       0x31 src/i2c_slave.o
 .comment       0x00000030       0x31 src/rtc.o
 .comment       0x00000030       0x31 src/slpctrl.o
 .comment       0x00000030       0x31 src/tca.o
 .comment       0x00000030       0x31 ../qtouch/lib/gcc\libqtm_touch_key_t1616_0x0002.a(avr_touch_key_g_t1616.o)
 .comment       0x00000030       0x31 ../qtouch/lib/gcc\libqtm_acq_runtime_t1616_0x0018.a(avr_acq_g_t1616.o)
 .comment       0x00000030       0x31 c:/program files (x86)/atmel/studio/7.0/toolchain/avr8/avr8-gnu-toolchain/bin/../lib/gcc/avr/5.4.0/../../../../avr/lib/avrxmega3\libc.a(rand.o)

.note.gnu.avr.deviceinfo
                0x00000000       0x40
 .note.gnu.avr.deviceinfo
                0x00000000       0x40 C:/Program Files (x86)/Atmel/Studio/7.0/Packs/atmel/ATtiny_DFP/1.3.147/gcc/dev/attiny1616/avrxmega3/crtattiny1616.o

.note.gnu.build-id
 *(.note.gnu.build-id)

.debug
 *(.debug)

.line
 *(.line)

.debug_srcinfo
 *(.debug_srcinfo)

.debug_sfnames
 *(.debug_sfnames)

.debug_aranges  0x00000000      0x2c8
 *(.debug_aranges)
 .debug_aranges
                0x00000000       0x30 driver_isr.o
 .debug_aranges
                0x00000030       0x20 main.o
 .debug_aranges
                0x00000050       0x90 qtouch/touch.o
 .debug_aranges
                0x000000e0       0x20 src/bod.o
 .debug_aranges
                0x00000100       0x20 src/clkctrl.o
 .debug_aranges
                0x00000120       0x20 src/cpuint.o
 .debug_aranges
                0x00000140       0x38 src/driver_init.o
 .debug_aranges
                0x00000178       0xd0 src/i2c_slave.o
 .debug_aranges
                0x00000248       0x20 src/protected_io.o
 .debug_aranges
                0x00000268       0x20 src/rtc.o
 .debug_aranges
                0x00000288       0x20 src/slpctrl.o
 .debug_aranges
                0x000002a8       0x20 src/tca.o

.debug_pubnames
 *(.debug_pubnames)

.debug_info     0x00000000     0x6c51
 *(.debug_info .gnu.linkonce.wi.*)
 .debug_info    0x00000000     0x19ed C:/Program Files (x86)/Atmel/Studio/7.0/Packs/atmel/ATtiny_DFP/1.3.147/gcc/dev/attiny1616/avrxmega3/crtattiny1616.o
 .debug_info    0x000019ed      0xfdb driver_isr.o
 .debug_info    0x000029c8      0x6ce main.o
 .debug_info    0x00003096     0x12aa qtouch/touch.o
 .debug_info    0x00004340       0x8d src/bod.o
 .debug_info    0x000043cd      0x38e src/clkctrl.o
 .debug_info    0x0000475b       0x8d src/cpuint.o
 .debug_info    0x000047e8      0xe45 src/driver_init.o
 .debug_info    0x0000562d      0x67e src/i2c_slave.o
 .debug_info    0x00005cab       0xad src/protected_io.o
 .debug_info    0x00005d58      0x3b6 src/rtc.o
 .debug_info    0x0000610e       0x8d src/slpctrl.o
 .debug_info    0x0000619b      0xab6 src/tca.o

.debug_abbrev   0x00000000     0x26e2
 *(.debug_abbrev)
 .debug_abbrev  0x00000000     0x1888 C:/Program Files (x86)/Atmel/Studio/7.0/Packs/atmel/ATtiny_DFP/1.3.147/gcc/dev/attiny1616/avrxmega3/crtattiny1616.o
 .debug_abbrev  0x00001888      0x1d0 driver_isr.o
 .debug_abbrev  0x00001a58      0x1f4 main.o
 .debug_abbrev  0x00001c4c      0x318 qtouch/touch.o
 .debug_abbrev  0x00001f64       0x51 src/bod.o
 .debug_abbrev  0x00001fb5      0x105 src/clkctrl.o
 .debug_abbrev  0x000020ba       0x51 src/cpuint.o
 .debug_abbrev  0x0000210b      0x1e5 src/driver_init.o
 .debug_abbrev  0x000022f0      0x1c9 src/i2c_slave.o
 .debug_abbrev  0x000024b9       0x14 src/protected_io.o
 .debug_abbrev  0x000024cd       0xd4 src/rtc.o
 .debug_abbrev  0x000025a1       0x51 src/slpctrl.o
 .debug_abbrev  0x000025f2       0xf0 src/tca.o

.debug_line     0x00000000     0x1898
 *(.debug_line .debug_line.* .debug_line_end)
 .debug_line    0x00000000      0x151 C:/Program Files (x86)/Atmel/Studio/7.0/Packs/atmel/ATtiny_DFP/1.3.147/gcc/dev/attiny1616/avrxmega3/crtattiny1616.o
 .debug_line    0x00000151      0x1cd driver_isr.o
 .debug_line    0x0000031e      0x523 main.o
 .debug_line    0x00000841      0x3a6 qtouch/touch.o
 .debug_line    0x00000be7       0xa2 src/bod.o
 .debug_line    0x00000c89      0x137 src/clkctrl.o
 .debug_line    0x00000dc0       0xab src/cpuint.o
 .debug_line    0x00000e6b      0x2d5 src/driver_init.o
 .debug_line    0x00001140      0x421 src/i2c_slave.o
 .debug_line    0x00001561       0x55 src/protected_io.o
 .debug_line    0x000015b6      0x121 src/rtc.o
 .debug_line    0x000016d7       0xa6 src/slpctrl.o
 .debug_line    0x0000177d      0x11b src/tca.o

.debug_frame    0x00000000      0x524
 *(.debug_frame)
 .debug_frame   0x00000000       0xb0 driver_isr.o
 .debug_frame   0x000000b0       0x24 main.o
 .debug_frame   0x000000d4      0x158 qtouch/touch.o
 .debug_frame   0x0000022c       0x24 src/bod.o
 .debug_frame   0x00000250       0x24 src/clkctrl.o
 .debug_frame   0x00000274       0x24 src/cpuint.o
 .debug_frame   0x00000298       0x54 src/driver_init.o
 .debug_frame   0x000002ec      0x1cc src/i2c_slave.o
 .debug_frame   0x000004b8       0x24 src/rtc.o
 .debug_frame   0x000004dc       0x24 src/slpctrl.o
 .debug_frame   0x00000500       0x24 src/tca.o

.debug_str      0x00000000     0x2b5a
 *(.debug_str)
 .debug_str     0x00000000      0xacf C:/Program Files (x86)/Atmel/Studio/7.0/Packs/atmel/ATtiny_DFP/1.3.147/gcc/dev/attiny1616/avrxmega3/crtattiny1616.o
 .debug_str     0x00000acf      0x696 driver_isr.o
                                0x713 (size before relaxing)
 .debug_str     0x00001165      0x147 main.o
                                0x378 (size before relaxing)
 .debug_str     0x000012ac      0xdc1 qtouch/touch.o
                               0x11a9 (size before relaxing)
 .debug_str     0x0000206d       0x16 src/bod.o
                                0x1ae (size before relaxing)
 .debug_str     0x00002083      0x1de src/clkctrl.o
                                0x4c2 (size before relaxing)
 .debug_str     0x00002261       0x1c src/cpuint.o
                                0x1b4 (size before relaxing)
 .debug_str     0x0000227d      0x1f1 src/driver_init.o
                                0x713 (size before relaxing)
 .debug_str     0x0000246e      0x381 src/i2c_slave.o
                                0x566 (size before relaxing)
 .debug_str     0x000027ef      0x19d src/rtc.o
                                0x4c4 (size before relaxing)
 .debug_str     0x0000298c       0x11 src/slpctrl.o
                                0x1b6 (size before relaxing)
 .debug_str     0x0000299d      0x1bd src/tca.o
                                0x7a0 (size before relaxing)

.debug_loc      0x00000000     0x1232
 *(.debug_loc)
 .debug_loc     0x00000000      0x22c driver_isr.o
 .debug_loc     0x0000022c      0x7ad main.o
 .debug_loc     0x000009d9      0x348 qtouch/touch.o
 .debug_loc     0x00000d21       0x29 src/clkctrl.o
 .debug_loc     0x00000d4a      0x378 src/driver_init.o
 .debug_loc     0x000010c2      0x170 src/i2c_slave.o

.debug_macinfo
 *(.debug_macinfo)

.debug_weaknames
 *(.debug_weaknames)

.debug_funcnames
 *(.debug_funcnames)

.debug_typenames
 *(.debug_typenames)

.debug_varnames
 *(.debug_varnames)

.debug_pubtypes
 *(.debug_pubtypes)

.debug_ranges   0x00000000      0x1f8
 *(.debug_ranges)
 .debug_ranges  0x00000000       0x20 driver_isr.o
 .debug_ranges  0x00000020       0x10 main.o
 .debug_ranges  0x00000030       0x80 qtouch/touch.o
 .debug_ranges  0x000000b0       0x10 src/bod.o
 .debug_ranges  0x000000c0       0x10 src/clkctrl.o
 .debug_ranges  0x000000d0       0x10 src/cpuint.o
 .debug_ranges  0x000000e0       0x28 src/driver_init.o
 .debug_ranges  0x00000108       0xc0 src/i2c_slave.o
 .debug_ranges  0x000001c8       0x10 src/rtc.o
 .debug_ranges  0x000001d8       0x10 src/slpctrl.o
 .debug_ranges  0x000001e8       0x10 src/tca.o

.debug_macro
 *(.debug_macro)
OUTPUT(TwinkleTwinkie.elf elf32-avr)
LOAD linker stubs
